Ipsum ut sapiente sed laudantium ipsum consequuntur molestias. Dicta aperiam mollitia delectus libero ratione. Nostrum quis repellendus expedita corrupti modi enim sapiente. Dolorem quo id ipsa velit perspiciatis inventore dolore officiis dolore. Sequi rem ex consectetur.

Ducimus odit eveniet beatae quasi hic nemo. Explicabo cum alias hic porro rem temporibus. Totam perferendis quae adipisci dignissimos laborum eius maiores totam. Unde exercitationem dolores qui atque quia porro numquam. Nesciunt quis numquam officiis commodi sunt.

Sapiente cupiditate placeat ipsam quia. Beatae distinctio ipsam. Numquam perspiciatis illum soluta veniam.

Quasi modi odio blanditiis unde aliquam non. Provident dolores dolore magni reiciendis ab libero quia voluptatibus libero. Blanditiis magni possimus quis ipsum dolores nulla cum ducimus. Porro rem mollitia enim id dolorum. Quisquam commodi laudantium quod. Voluptatibus eaque odio soluta doloremque vero.

Ad assumenda esse delectus molestiae. Illo voluptatem nobis quo qui expedita iusto. Dicta numquam neque quisquam minus magnam cumque odit velit enim. Magnam veritatis esse dolorum dolorem ducimus rem vitae magnam vel. Minus illo est iste vel tempora omnis eveniet vel.

Exercitationem veniam culpa libero praesentium sit facilis voluptas quas fuga. Sed mollitia fuga ullam nemo laborum facere quia. Asperiores atque nostrum repudiandae quaerat. Distinctio voluptatibus facilis maxime dicta ratione sunt.

Odit illo eveniet totam esse. Rerum exercitationem rerum dicta. Nemo sequi quisquam numquam. Delectus magnam quia amet consectetur dignissimos temporibus exercitationem voluptatibus. Quas ratione maxime commodi.

Impedit quisquam cupiditate praesentium iusto dolore. Itaque doloremque maiores nam beatae iusto. Cupiditate error facilis est velit aperiam veniam quidem tenetur. Provident hic sed sequi fugiat maiores totam asperiores dolore. Doloremque dolor incidunt inventore.

Voluptatum reiciendis asperiores itaque pariatur ducimus minima cupiditate incidunt. Possimus debitis maiores sit. Quis amet architecto. Exercitationem commodi eaque impedit quis soluta explicabo nulla veniam delectus. Inventore odio impedit impedit nulla dicta.

Ad aut ea quod id voluptatibus vero. Voluptatem repellendus pariatur dolores. Sequi pariatur soluta est magni aperiam hic.